\BOOKMARK [1][-]{Doc-Start}{\376\377\000T\000e\000m\000p\000o\000r\000a\000l\000\040\000L\000i\000t\000e\000r\000a\000l\000s}{}% 1
\BOOKMARK [1][-]{lstnumber.-2.5}{\376\377\000D\000a\000t\000e\000\040\000A\000r\000i\000t\000h\000m\000e\000t\000i\000c}{}% 2
\BOOKMARK [1][-]{lstnumber.-4.3}{\376\377\000S\000t\000o\000r\000a\000g\000e\000\040\000S\000i\000z\000e\000s}{}% 3
\BOOKMARK [1][-]{lstnumber.-6.3}{\376\377\000Q\000u\000a\000n\000t\000i\000t\000y\000\040\000L\000i\000t\000e\000r\000a\000l\000s}{}% 4
\BOOKMARK [1][-]{lstnumber.-8.4}{\376\377\000N\000a\000m\000e\000d\000\040\000Q\000u\000a\000n\000t\000i\000t\000y\000\040\000C\000a\000t\000e\000g\000o\000r\000i\000e\000s}{}% 5
\BOOKMARK [1][-]{lstnumber.-8.4}{\376\377\000Q\000u\000a\000n\000t\000i\000t\000y\000\040\000M\000e\000m\000b\000e\000r\000s}{}% 6
\BOOKMARK [1][-]{lstnumber.-9.5}{\376\377\000T\000e\000m\000p\000o\000r\000a\000l\000\040\000P\000i\000p\000e\000l\000i\000n\000e\000s}{}% 7
\BOOKMARK [1][-]{lstnumber.-11.3}{\376\377\000D\000a\000t\000e\000\040\000H\000e\000l\000p\000e\000r\000s}{}% 8
\BOOKMARK [1][-]{lstnumber.-12.4}{\376\377\000O\000t\000h\000e\000r\000\040\000I\000n\000t\000r\000i\000n\000s\000i\000c\000\040\000L\000i\000t\000e\000r\000a\000l\000s}{}% 9
\BOOKMARK [1][-]{lstnumber.-13.2}{\376\377\000P\000r\000a\000c\000t\000i\000c\000a\000l\000\040\000E\000x\000a\000m\000p\000l\000e\000s}{}% 10
\BOOKMARK [1][-]{lstnumber.-14.8}{\376\377\000D\000i\000s\000p\000l\000a\000y\000\040\000T\000u\000n\000i\000n\000g}{}% 11
\BOOKMARK [1][-]{lstnumber.-15.4}{\376\377\000B\000r\000i\000d\000g\000e\000\040\000T\000y\000p\000e\000s}{}% 12
\BOOKMARK [1][-]{lstnumber.-15.4}{\376\377\000D\000e\000r\000i\000v\000e\000d\000\040\000Q\000u\000a\000n\000t\000i\000t\000y\000\040\000F\000a\000m\000i\000l\000i\000e\000s}{}% 13
\BOOKMARK [1][-]{lstnumber.-15.4}{\376\377\000D\000i\000m\000e\000n\000s\000i\000o\000n\000\040\000M\000a\000t\000h}{}% 14
\BOOKMARK [1][-]{lstnumber.-17.3}{\376\377\000C\000a\000l\000e\000n\000d\000a\000r\000-\000A\000w\000a\000r\000e\000\040\000R\000e\000c\000i\000p\000e\000s}{}% 15
\BOOKMARK [1][-]{lstnumber.-19.3}{\376\377\000T\000e\000m\000p\000o\000r\000a\000l\000\040\000F\000i\000l\000t\000e\000r\000i\000n\000g}{}% 16
\BOOKMARK [1][-]{lstnumber.-21.3}{\376\377\000S\000i\000z\000e\000\040\000A\000n\000d\000\040\000D\000u\000r\000a\000t\000i\000o\000n\000\040\000A\000g\000g\000r\000e\000g\000a\000t\000e\000s}{}% 17
\BOOKMARK [1][-]{lstnumber.-22.3}{\376\377\000D\000i\000s\000p\000l\000a\000y\000\040\000P\000r\000o\000f\000i\000l\000e\000s}{}% 18
\BOOKMARK [1][-]{lstnumber.-23.4}{\376\377\000S\000c\000i\000e\000n\000t\000i\000f\000i\000c\000\040\000A\000n\000d\000\040\000O\000p\000s\000\040\000E\000x\000a\000m\000p\000l\000e\000s}{}% 19
\BOOKMARK [1][-]{lstnumber.-25.6}{\376\377\000W\000o\000r\000k\000i\000n\000g\000\040\000W\000i\000t\000h\000\040\000D\000a\000t\000e\000s\000\040\000A\000s\000\040\000T\000y\000p\000e\000s}{}% 20
\BOOKMARK [1][-]{lstnumber.-27.4}{\376\377\000P\000r\000a\000c\000t\000i\000c\000a\000l\000\040\000F\000i\000l\000e\000\040\000R\000e\000t\000e\000n\000t\000i\000o\000n}{}% 21
\BOOKMARK [1][-]{lstnumber.-29.1}{\376\377\000M\000e\000n\000t\000a\000l\000\040\000M\000o\000d\000e\000l}{}% 22
