\BOOKMARK [1][-]{Doc-Start}{\376\377\000U\000s\000i\000n\000g\000\040\000A\000n\000d\000\040\000R\000e\000q\000u\000i\000r\000e}{}% 1
\BOOKMARK [1][-]{lstnumber.-2.4}{\376\377\000N\000a\000m\000e\000d\000\040\000T\000y\000p\000e\000s}{}% 2
\BOOKMARK [1][-]{lstnumber.-4.13}{\376\377\000M\000o\000d\000u\000l\000e\000s}{}% 3
\BOOKMARK [1][-]{lstnumber.-5.9}{\376\377\000C\000L\000R\000\040\000I\000n\000t\000e\000r\000o\000p}{}% 4
\BOOKMARK [1][-]{lstnumber.-7.3}{\376\377\000R\000e\000f\000l\000e\000c\000t\000i\000o\000n\000\040\000A\000n\000d\000\040\000I\000n\000s\000p\000e\000c\000t\000i\000o\000n}{}% 5
\BOOKMARK [1][-]{lstnumber.-10.3}{\376\377\000A\000s\000s\000e\000m\000b\000l\000y\000\040\000L\000o\000a\000d\000i\000n\000g}{}% 6
\BOOKMARK [1][-]{lstnumber.-11.3}{\376\377\000P\000a\000t\000t\000e\000r\000n\000\040\000F\000o\000r\000\040\000D\000o\000m\000a\000i\000n\000\040\000C\000o\000d\000e}{}% 7
\BOOKMARK [1][-]{lstnumber.-13.2}{\376\377\000N\000a\000t\000i\000v\000e\000\040\000I\000n\000t\000e\000r\000o\000p\000\040\000B\000a\000s\000i\000c\000s}{}% 8
\BOOKMARK [1][-]{lstnumber.-15.6}{\376\377\000V\000i\000s\000i\000b\000i\000l\000i\000t\000y\000\040\000A\000n\000d\000\040\000S\000c\000o\000p\000e}{}% 9
\BOOKMARK [1][-]{lstnumber.-16.5}{\376\377\000C\000l\000a\000s\000s\000\040\000M\000e\000m\000b\000e\000r\000\040\000F\000o\000r\000m\000s}{}% 10
\BOOKMARK [1][-]{lstnumber.-17.9}{\376\377\000R\000e\000f\000l\000e\000c\000t\000i\000o\000n\000\040\000W\000o\000r\000k\000f\000l\000o\000w}{}% 11
\BOOKMARK [1][-]{lstnumber.-18.5}{\376\377\000A\000s\000s\000e\000m\000b\000l\000y\000\040\000L\000o\000a\000d\000i\000n\000g}{}% 12
\BOOKMARK [1][-]{lstnumber.-19.4}{\376\377\000O\000b\000j\000e\000c\000t\000\040\000M\000u\000t\000a\000t\000i\000o\000n\000\040\000T\000o\000o\000l\000s}{}% 13
\BOOKMARK [1][-]{lstnumber.-21.4}{\376\377\000M\000o\000d\000u\000l\000e\000\040\000I\000m\000p\000o\000r\000t\000\040\000P\000a\000t\000t\000e\000r\000n\000s}{}% 14
\BOOKMARK [1][-]{lstnumber.-22.4}{\376\377\000C\000L\000R\000\040\000C\000a\000l\000l\000\040\000P\000a\000t\000t\000e\000r\000n\000s}{}% 15
\BOOKMARK [1][-]{lstnumber.-24.2}{\376\377\000C\000h\000o\000o\000s\000e\000\040\000T\000h\000e\000\040\000S\000u\000r\000f\000a\000c\000e}{}% 16
\BOOKMARK [1][-]{lstnumber.-24.2}{\376\377\000N\000a\000t\000i\000v\000e\000\040\000S\000i\000g\000n\000a\000t\000u\000r\000e\000\040\000P\000a\000t\000t\000e\000r\000n\000s}{}% 17
\BOOKMARK [1][-]{lstnumber.-26.4}{\376\377\000B\000u\000f\000f\000e\000r\000\040\000W\000o\000r\000k\000f\000l\000o\000w}{}% 18
\BOOKMARK [1][-]{lstnumber.-28.4}{\376\377\000L\000a\000y\000o\000u\000t\000\040\000I\000n\000s\000p\000e\000c\000t\000i\000o\000n}{}% 19
\BOOKMARK [1][-]{lstnumber.-29.3}{\376\377\000N\000a\000t\000i\000v\000e\000\040\000S\000a\000f\000e\000t\000y\000\040\000R\000u\000l\000e\000s}{}% 20
