\BOOKMARK [1][-]{Doc-Start}{\376\377\000C\000o\000l\000l\000e\000c\000t\000i\000o\000n\000\040\000L\000i\000t\000e\000r\000a\000l\000s}{}% 1
\BOOKMARK [1][-]{lstnumber.-1.12}{\376\377\000C\000o\000n\000s\000t\000r\000u\000c\000t\000e\000d\000\040\000C\000o\000l\000l\000e\000c\000t\000i\000o\000n\000s}{}% 2
\BOOKMARK [1][-]{lstnumber.-2.7}{\376\377\000B\000a\000s\000i\000c\000\040\000A\000c\000c\000e\000s\000s}{}% 3
\BOOKMARK [1][-]{lstnumber.-4.4}{\376\377\000P\000i\000p\000e\000l\000i\000n\000e\000\040\000C\000o\000r\000e}{}% 4
\BOOKMARK [1][-]{lstnumber.-5.3}{\376\377\000G\000r\000o\000u\000p\000i\000n\000g\000\040\000A\000n\000d\000\040\000S\000t\000a\000t\000s}{}% 5
\BOOKMARK [1][-]{lstnumber.-7.3}{\376\377\000S\000t\000r\000u\000c\000t\000u\000r\000e\000d\000\040\000T\000e\000x\000t}{}% 6
\BOOKMARK [1][-]{lstnumber.-9.3}{\376\377\000C\000o\000l\000l\000e\000c\000t\000i\000o\000n\000\040\000P\000a\000t\000t\000e\000r\000n\000s}{}% 7
\BOOKMARK [1][-]{lstnumber.-11.5}{\376\377\000T\000r\000a\000n\000s\000f\000o\000r\000m\000\040\000R\000e\000c\000i\000p\000e\000s}{}% 8
\BOOKMARK [1][-]{lstnumber.-13.3}{\376\377\000S\000m\000a\000l\000l\000\040\000B\000u\000t\000\040\000H\000a\000n\000d\000y}{}% 9
\BOOKMARK [1][-]{lstnumber.-13.3}{\376\377\000R\000e\000s\000h\000a\000p\000e\000\040\000T\000o\000o\000l\000b\000o\000x}{}% 10
\BOOKMARK [1][-]{lstnumber.-14.4}{\376\377\000F\000o\000l\000d\000\040\000A\000n\000d\000\040\000T\000r\000a\000c\000e}{}% 11
\BOOKMARK [1][-]{lstnumber.-15.3}{\376\377\000S\000p\000l\000i\000t\000\040\000A\000n\000d\000\040\000D\000e\000-\000D\000u\000p\000e}{}% 12
\BOOKMARK [1][-]{lstnumber.-16.3}{\376\377\000S\000t\000o\000p\000p\000i\000n\000g\000\040\000A\000n\000d\000\040\000S\000l\000i\000c\000i\000n\000g}{}% 13
\BOOKMARK [1][-]{lstnumber.-17.4}{\376\377\000P\000r\000o\000j\000e\000c\000t\000i\000o\000n\000\040\000C\000l\000e\000a\000n\000u\000p}{}% 14
\BOOKMARK [1][-]{lstnumber.-19.1}{\376\377\000S\000t\000r\000u\000c\000t\000u\000r\000e\000d\000\040\000F\000o\000r\000m\000a\000t\000\040\000B\000r\000i\000d\000g\000e\000s}{}% 15
\BOOKMARK [1][-]{lstnumber.-21.3}{\376\377\000T\000e\000x\000t\000\040\000T\000e\000m\000p\000l\000a\000t\000e\000s}{}% 16
\BOOKMARK [1][-]{lstnumber.-22.2}{\376\377\000C\000a\000p\000t\000u\000r\000e\000\040\000A\000n\000d\000\040\000R\000e\000p\000l\000a\000y}{}% 17
\BOOKMARK [1][-]{lstnumber.-23.3}{\376\377\000P\000i\000p\000e\000l\000i\000n\000e\000\040\000R\000e\000c\000i\000p\000e\000s}{}% 18
\BOOKMARK [1][-]{lstnumber.-25.2}{\376\377\000G\000r\000o\000u\000p\000i\000n\000g\000\040\000R\000e\000c\000i\000p\000e\000s}{}% 19
\BOOKMARK [1][-]{lstnumber.-26.3}{\376\377\000S\000u\000m\000m\000a\000r\000y\000\040\000P\000a\000t\000t\000e\000r\000n\000s}{}% 20
\BOOKMARK [1][-]{lstnumber.-27.4}{\376\377\000G\000e\000n\000e\000r\000a\000t\000e\000d\000\040\000S\000e\000q\000u\000e\000n\000c\000e\000s}{}% 21
